<html>
<body>
<pre>
<h1>礦ision Build Log</h1>
<h2>Project:</h2>
D:\BaiduYunDownload\STM32F103C8T6最小系统版资料\STM32F103C8T6例程\基本例程-USART收发\通过USART1 收发数据\USER\STM32-DEMO.uvproj
Project File Date:  03/01/2013

<h2>Output:</h2>
Rebuild target 'USART1-DEMO'
assembling startup_stm32f10x_hd.s...
compiling main.c...
compiling stm32f10x_it.c...
compiling usart1.c...
compiling stm32f10x_gpio.c...
compiling stm32f10x_rcc.c...
compiling stm32f10x_usart.c...
compiling core_cm3.c...
compiling system_stm32f10x.c...
linking...
Program Size: Code=3324 RO-data=336 RW-data=20 ZI-data=516  
FromELF: creating hex file...
".\STM32-DEMO.axf" - 0 Errors, 0 Warning(s).
Load "D:\\BaiduYunDownload\\STM32F103C8T6最小系统版资料\\STM32F103C8T6例程\\基本例程-USART收发\\通过USART1 收发数据\\USER\\STM32-DEMO.axf" 
Erase Done.
Programming Done.
Verify OK.
Rebuild target 'USART1-DEMO'
assembling startup_stm32f10x_hd.s...
compiling main.c...
compiling stm32f10x_it.c...
compiling usart1.c...
compiling stm32f10x_gpio.c...
compiling stm32f10x_rcc.c...
compiling stm32f10x_usart.c...
compiling core_cm3.c...
compiling system_stm32f10x.c...
linking...
Program Size: Code=3324 RO-data=336 RW-data=20 ZI-data=516  
FromELF: creating hex file...
".\STM32-DEMO.axf" - 0 Errors, 0 Warning(s).
Load "D:\\BaiduYunDownload\\STM32F103C8T6最小系统版资料\\STM32F103C8T6例程\\基本例程-USART收发\\通过USART1 收发数据\\USER\\STM32-DEMO.axf" 
Erase Done.
Programming Done.
Verify OK.
