------------------------------------------------------------
Timing Analyzer Summary
------------------------------------------------------------

Type  : Slow 1200mV 85C Model Setup 'clk'
Slack : -5.428
TNS   : -39.930

Type  : Slow 1200mV 85C Model Setup 'sys_pll_m0|altpll_component|auto_generated|pll1|clk[0]'
Slack : 75.782
TNS   : 0.000

Type  : Slow 1200mV 85C Model Hold 'clk'
Slack : 0.452
TNS   : 0.000

Type  : Slow 1200mV 85C Model Hold 'sys_pll_m0|altpll_component|auto_generated|pll1|clk[0]'
Slack : 0.453
TNS   : 0.000

Type  : Slow 1200mV 85C Model Minimum Pulse Width 'clk'
Slack : 9.780
TNS   : 0.000

Type  : Slow 1200mV 85C Model Minimum Pulse Width 'sys_pll_m0|altpll_component|auto_generated|pll1|clk[0]'
Slack : 55.250
TNS   : 0.000

Type  : Slow 1200mV 0C Model Setup 'clk'
Slack : -5.166
TNS   : -38.157

Type  : Slow 1200mV 0C Model Setup 'sys_pll_m0|altpll_component|auto_generated|pll1|clk[0]'
Slack : 78.793
TNS   : 0.000

Type  : Slow 1200mV 0C Model Hold 'clk'
Slack : 0.401
TNS   : 0.000

Type  : Slow 1200mV 0C Model Hold 'sys_pll_m0|altpll_component|auto_generated|pll1|clk[0]'
Slack : 0.401
TNS   : 0.000

Type  : Slow 1200mV 0C Model Minimum Pulse Width 'clk'
Slack : 9.771
TNS   : 0.000

Type  : Slow 1200mV 0C Model Minimum Pulse Width 'sys_pll_m0|altpll_component|auto_generated|pll1|clk[0]'
Slack : 55.226
TNS   : 0.000

Type  : Fast 1200mV 0C Model Setup 'clk'
Slack : -1.417
TNS   : -10.195

Type  : Fast 1200mV 0C Model Setup 'sys_pll_m0|altpll_component|auto_generated|pll1|clk[0]'
Slack : 95.851
TNS   : 0.000

Type  : Fast 1200mV 0C Model Hold 'clk'
Slack : 0.186
TNS   : 0.000

Type  : Fast 1200mV 0C Model Hold 'sys_pll_m0|altpll_component|auto_generated|pll1|clk[0]'
Slack : 0.186
TNS   : 0.000

Type  : Fast 1200mV 0C Model Minimum Pulse Width 'clk'
Slack : 9.435
TNS   : 0.000

Type  : Fast 1200mV 0C Model Minimum Pulse Width 'sys_pll_m0|altpll_component|auto_generated|pll1|clk[0]'
Slack : 55.288
TNS   : 0.000

------------------------------------------------------------
