------------------------------------------------------------
Timing Analyzer Summary
------------------------------------------------------------

Type  : Slow 1200mV 85C Model Setup 'clk'
Slack : -6.983
TNS   : -52.708

Type  : Slow 1200mV 85C Model Setup 'sys_pll_m0|altpll_component|auto_generated|pll1|clk[0]'
Slack : -4.051
TNS   : -13.855

Type  : Slow 1200mV 85C Model Setup 'cmos_pclk'
Slack : -3.118
TNS   : -104.215

Type  : Slow 1200mV 85C Model Setup 'video_pll_m0|altpll_component|auto_generated|pll1|clk[0]'
Slack : -2.049
TNS   : -2.049

Type  : Slow 1200mV 85C Model Hold 'cmos_pclk'
Slack : 0.387
TNS   : 0.000

Type  : Slow 1200mV 85C Model Hold 'sys_pll_m0|altpll_component|auto_generated|pll1|clk[0]'
Slack : 0.426
TNS   : 0.000

Type  : Slow 1200mV 85C Model Hold 'video_pll_m0|altpll_component|auto_generated|pll1|clk[0]'
Slack : 0.434
TNS   : 0.000

Type  : Slow 1200mV 85C Model Hold 'clk'
Slack : 0.452
TNS   : 0.000

Type  : Slow 1200mV 85C Model Recovery 'video_pll_m0|altpll_component|auto_generated|pll1|clk[0]'
Slack : -3.386
TNS   : -170.566

Type  : Slow 1200mV 85C Model Recovery 'cmos_pclk'
Slack : -0.980
TNS   : -44.468

Type  : Slow 1200mV 85C Model Recovery 'sys_pll_m0|altpll_component|auto_generated|pll1|clk[0]'
Slack : 5.127
TNS   : 0.000

Type  : Slow 1200mV 85C Model Removal 'cmos_pclk'
Slack : 0.624
TNS   : 0.000

Type  : Slow 1200mV 85C Model Removal 'sys_pll_m0|altpll_component|auto_generated|pll1|clk[0]'
Slack : 1.170
TNS   : 0.000

Type  : Slow 1200mV 85C Model Removal 'video_pll_m0|altpll_component|auto_generated|pll1|clk[0]'
Slack : 1.637
TNS   : 0.000

Type  : Slow 1200mV 85C Model Minimum Pulse Width 'cmos_pclk'
Slack : -3.201
TNS   : -134.537

Type  : Slow 1200mV 85C Model Minimum Pulse Width 'sys_pll_m0|altpll_component|auto_generated|pll1|clk[0]'
Slack : 4.700
TNS   : 0.000

Type  : Slow 1200mV 85C Model Minimum Pulse Width 'clk'
Slack : 9.742
TNS   : 0.000

Type  : Slow 1200mV 85C Model Minimum Pulse Width 'video_pll_m0|altpll_component|auto_generated|pll1|clk[0]'
Slack : 14.849
TNS   : 0.000

Type  : Slow 1200mV 0C Model Setup 'clk'
Slack : -6.814
TNS   : -51.634

Type  : Slow 1200mV 0C Model Setup 'sys_pll_m0|altpll_component|auto_generated|pll1|clk[0]'
Slack : -3.975
TNS   : -12.735

Type  : Slow 1200mV 0C Model Setup 'cmos_pclk'
Slack : -2.847
TNS   : -93.649

Type  : Slow 1200mV 0C Model Setup 'video_pll_m0|altpll_component|auto_generated|pll1|clk[0]'
Slack : -1.772
TNS   : -1.772

Type  : Slow 1200mV 0C Model Hold 'cmos_pclk'
Slack : 0.331
TNS   : 0.000

Type  : Slow 1200mV 0C Model Hold 'video_pll_m0|altpll_component|auto_generated|pll1|clk[0]'
Slack : 0.383
TNS   : 0.000

Type  : Slow 1200mV 0C Model Hold 'clk'
Slack : 0.401
TNS   : 0.000

Type  : Slow 1200mV 0C Model Hold 'sys_pll_m0|altpll_component|auto_generated|pll1|clk[0]'
Slack : 0.401
TNS   : 0.000

Type  : Slow 1200mV 0C Model Recovery 'video_pll_m0|altpll_component|auto_generated|pll1|clk[0]'
Slack : -3.014
TNS   : -150.583

Type  : Slow 1200mV 0C Model Recovery 'cmos_pclk'
Slack : -0.891
TNS   : -39.948

Type  : Slow 1200mV 0C Model Recovery 'sys_pll_m0|altpll_component|auto_generated|pll1|clk[0]'
Slack : 5.405
TNS   : 0.000

Type  : Slow 1200mV 0C Model Removal 'cmos_pclk'
Slack : 0.462
TNS   : 0.000

Type  : Slow 1200mV 0C Model Removal 'sys_pll_m0|altpll_component|auto_generated|pll1|clk[0]'
Slack : 1.029
TNS   : 0.000

Type  : Slow 1200mV 0C Model Removal 'video_pll_m0|altpll_component|auto_generated|pll1|clk[0]'
Slack : 1.389
TNS   : 0.000

Type  : Slow 1200mV 0C Model Minimum Pulse Width 'cmos_pclk'
Slack : -3.201
TNS   : -134.537

Type  : Slow 1200mV 0C Model Minimum Pulse Width 'sys_pll_m0|altpll_component|auto_generated|pll1|clk[0]'
Slack : 4.672
TNS   : 0.000

Type  : Slow 1200mV 0C Model Minimum Pulse Width 'clk'
Slack : 9.752
TNS   : 0.000

Type  : Slow 1200mV 0C Model Minimum Pulse Width 'video_pll_m0|altpll_component|auto_generated|pll1|clk[0]'
Slack : 14.821
TNS   : 0.000

Type  : Fast 1200mV 0C Model Setup 'clk'
Slack : -2.680
TNS   : -20.354

Type  : Fast 1200mV 0C Model Setup 'sys_pll_m0|altpll_component|auto_generated|pll1|clk[0]'
Slack : -1.739
TNS   : -3.223

Type  : Fast 1200mV 0C Model Setup 'video_pll_m0|altpll_component|auto_generated|pll1|clk[0]'
Slack : -0.925
TNS   : -0.925

Type  : Fast 1200mV 0C Model Setup 'cmos_pclk'
Slack : -0.770
TNS   : -16.502

Type  : Fast 1200mV 0C Model Hold 'cmos_pclk'
Slack : 0.143
TNS   : 0.000

Type  : Fast 1200mV 0C Model Hold 'sys_pll_m0|altpll_component|auto_generated|pll1|clk[0]'
Slack : 0.147
TNS   : 0.000

Type  : Fast 1200mV 0C Model Hold 'video_pll_m0|altpll_component|auto_generated|pll1|clk[0]'
Slack : 0.179
TNS   : 0.000

Type  : Fast 1200mV 0C Model Hold 'clk'
Slack : 0.186
TNS   : 0.000

Type  : Fast 1200mV 0C Model Recovery 'video_pll_m0|altpll_component|auto_generated|pll1|clk[0]'
Slack : -1.526
TNS   : -78.794

Type  : Fast 1200mV 0C Model Recovery 'cmos_pclk'
Slack : -0.054
TNS   : -0.832

Type  : Fast 1200mV 0C Model Recovery 'sys_pll_m0|altpll_component|auto_generated|pll1|clk[0]'
Slack : 7.684
TNS   : 0.000

Type  : Fast 1200mV 0C Model Removal 'cmos_pclk'
Slack : 0.273
TNS   : 0.000

Type  : Fast 1200mV 0C Model Removal 'sys_pll_m0|altpll_component|auto_generated|pll1|clk[0]'
Slack : 0.493
TNS   : 0.000

Type  : Fast 1200mV 0C Model Removal 'video_pll_m0|altpll_component|auto_generated|pll1|clk[0]'
Slack : 0.715
TNS   : 0.000

Type  : Fast 1200mV 0C Model Minimum Pulse Width 'cmos_pclk'
Slack : -3.000
TNS   : -121.402

Type  : Fast 1200mV 0C Model Minimum Pulse Width 'sys_pll_m0|altpll_component|auto_generated|pll1|clk[0]'
Slack : 4.735
TNS   : 0.000

Type  : Fast 1200mV 0C Model Minimum Pulse Width 'clk'
Slack : 9.263
TNS   : 0.000

Type  : Fast 1200mV 0C Model Minimum Pulse Width 'video_pll_m0|altpll_component|auto_generated|pll1|clk[0]'
Slack : 14.888
TNS   : 0.000

------------------------------------------------------------
